VCD info: dumpfile saida.vcd opened for output.
tb.v:40: $finish called at 22000 (1ps)
